======================================================================
≡ƒº¬ GOOGLE CLOUD TRANSLATION API TEST (v2 vs v3)
======================================================================
≡ƒôü Credentials: C:\Users\ibrahim laptops\Desktop\projects\talentplus\credentials\google-translate-service-account.json
≡ƒôì Project ID: hale-safeguard-483116-a6
≡ƒôº Service Account: translation-api@hale-safeguard-483116-a6.iam.gserviceaccount.com
======================================================================

Γ£à Got access token successfully

≡ƒôî Testing v2 API (translation.googleapis.com/language/translate/v2)
----------------------------------------------------------------------
Γ¥î v2 API FAILED - Status: 403
   Error: {
  "code": 403,
  "message": "Cloud Translation API has not been used in project 56181613832 before or it is disabled. Enable it by visiting https://console.developers.google.com/apis/api/translate.googleapis.com/overview?project=56181613832 then retry. If you enabled this API recently, wait a few minutes for the action to propagate to our systems and retry.",
  "errors": [
    {
      "message": "Cloud Translation API has not been used in project 56181613832 before or it is disabled. Enable it by visiting https://console.developers.google.com/apis/api/translate.googleapis.com/overview?project=56181613832 then retry. If you enabled this API recently, wait a few minutes for the action to propagate to our systems and retry.",
      "domain": "usageLimits",
      "reason": "accessNotConfigured",
      "extendedHelp": "https://console.developers.google.com"
    }
  ],
  "status": "PERMISSION_DENIED",
  "details": [
    {
      "@type": "type.googleapis.com/google.rpc.ErrorInfo",
      "reason": "SERVICE_DISABLED",
      "domain": "googleapis.com",
      "metadata": {
        "service": "translate.googleapis.com",
        "serviceTitle": "Cloud Translation API",
        "activationUrl": "https://console.developers.google.com/apis/api/translate.googleapis.com/overview?project=56181613832",
        "consumer": "projects/56181613832",
        "containerInfo": "56181613832"
      }
    },
    {
      "@type": "type.googleapis.com/google.rpc.LocalizedMessage",
      "locale": "en-US",
      "message": "Cloud Translation API has not been used in project 56181613832 before or it is disabled. Enable it by visiting https://console.developers.google.com/apis/api/translate.googleapis.com/overview?project=56181613832 then retry. If you enabled this API recently, wait a few minutes for the action to propagate to our systems and retry."
    },
    {
      "@type": "type.googleapis.com/google.rpc.Help",
      "links": [
        {
          "description": "Google developers console API activation",
          "url": "https://console.developers.google.com/apis/api/translate.googleapis.com/overview?project=56181613832"
        }
      ]
    }
  ]
}
≡ƒôî Testing v3 API (translate.googleapis.com/v3)
----------------------------------------------------------------------
Γ¥î v3 API FAILED - Status: 403
   Error Code: 403
   Error Message: Cloud Translation API has not been used in project 56181613832 before or it is disabled. Enable it by visiting https://console.developers.google.com/apis/api/translate.googleapis.com/overview?project=...
   Status: PERMISSION_DENIED

   ≡ƒöº TROUBLESHOOTING:
   1. Cloud Translation API may not be enabled for this project
   2. Service account may not have translation permissions
   3. v3 API requires additional setup vs v2

   ≡ƒæë Enable API at: https://console.cloud.google.com/apis/api/translate.googleapis.com/overview?project=hale-safeguard-483116-a6
≡ƒôî Testing v3 API with location (projects/*/locations/global)
----------------------------------------------------------------------
Γ¥î v3 API (with location) FAILED - Status: 403
   Error: Cloud Translation API has not been used in project 56181613832 before or it is disabled. Enable it by visiting https://console.developers.google.com/apis/api/translate.googleapis.com/overview?project=...
≡ƒôî Testing Language Detection (v3)
----------------------------------------------------------------------
Γ¥î Language Detection FAILED - Status: 403
   Error: Cloud Translation API has not been used in project 56181613832 before or it is disabled. Enable it by visiting https://console.developers.google.com/apis/api/translate.googleapis.com/overview?project=...
≡ƒôî Testing Get Supported Languages (v3)
----------------------------------------------------------------------
Γ¥î Get Languages FAILED - Status: 403
   Error: Cloud Translation API has not been used in project 56181613832 before or it is disabled. Enable it by visiting https://console.developers.google.com/apis/api/translate.googleapis.com/overview?project=...
======================================================================
≡ƒôè SUMMARY
======================================================================
If v2 works but v3 fails with 403:
  - v2 API uses the Basic tier (translation.googleapis.com)
  - v3 API uses the Advanced tier (translate.googleapis.com)
  - You may need to enable Advanced for v3

Your current implementation uses v2, which appears to be working!
======================================================================
